// Jest Snapshot v1, https://goo.gl/fbAQLP

exports[`renders correctly 1`] = `
<div
  className="dashboard-container"
>
  <h5
    className="h5"
  >
    Welcome 
  </h5>
  <div
    className="toggle-container"
  >
    <label>
      <div
        className="react-toggle react-toggle--checked"
        onClick={[Function]}
        onTouchEnd={[Function]}
        onTouchMove={[Function]}
        onTouchStart={[Function]}
      >
        <div
          className="react-toggle-track"
        >
          <div
            className="react-toggle-track-check"
          >
            <svg
              height="11"
              viewBox="0 0 14 11"
              width="14"
            >
              <path
                d="M11.264 0L5.26 6.004 2.103 2.847 0 4.95l5.26 5.26 8.108-8.107L11.264 0"
                fill="#fff"
                fillRule="evenodd"
              />
            </svg>
          </div>
          <div
            className="react-toggle-track-x"
          >
            <svg
              height="10"
              viewBox="0 0 10 10"
              width="10"
            >
              <path
                d="M9.9 2.12L7.78 0 4.95 2.828 2.12 0 0 2.12l2.83 2.83L0 7.776 2.123 9.9 4.95 7.07 7.78 9.9 9.9 7.776 7.072 4.95 9.9 2.12"
                fill="#fff"
                fillRule="evenodd"
              />
            </svg>
          </div>
        </div>
        <div
          className="react-toggle-thumb"
        />
        <input
          checked={true}
          className="react-toggle-screenreader-only"
          onBlur={[Function]}
          onChange={[Function]}
          onFocus={[Function]}
          type="checkbox"
        />
      </div>
      <span>
        <p
          className="text"
        >
          Show Responded To / Show New Questions
        </p>
      </span>
    </label>
  </div>
</div>
`;
